X knight check
X knave check
Y knight check
Y knave check
Not close!